Turbo Assembler	 Version 3.1	    03/24/24 21:14:59	    Page 1
firstd.asm



      1	0000			     MYCODE SEGMENT 'CODE'
      2				     ;ЛР#3 2024	ЛАРКИН ИУ5-41Б Вар#11
      3				     ASSUME CS:MYCODE
      4				     PUBLIC LET
      5	0000  8B		     LET  DB 'Л'
      6
      7				     ;Дополнительное задание
      8	0001			     CLRSCR PROC
      9	0001  B4 00			 MOV AH, 0H
     10	0003  CD 10			 INT 10H
     11	0005  C3			 RET
     12	0006			     CLRSCR ENDP
     13
     14	0006			     PUTCH PROC
     15	0006  B4 02			 MOV AH, 02H
     16	0008  CD 21			 INT 21H
     17	000A  C3			 RET
     18	000B			     PUTCH ENDP
     19
     20				     ;Кладет полученный	символ в AL
     21	000B			     GETCH PROC
     22	000B  B4 08			 MOV AH, 08H
     23	000D  CD 21			 INT 21H
     24	000F  C3			 RET
     25	0010			     GETCH ENDP
     26
     27	0010			     CLRF PROC
     28	0010  B2 0A			 MOV DL, 10
     29	0012  E8 FFF1			 CALL PUTCH
     30	0015  B2 0D			 MOV DL, 13
     31	0017  E8 FFEC			 CALL PUTCH
     32	001A  C3			 RET
     33	001B			     CLRF ENDP
     34
     35	001B			     START:
     36				     ; Загрузка	сегментного регистра данных DS
     37	001B  0E			  PUSH CS
     38	001C  1F			  POP  DS
     39				     ; Вывод символов на экран
     40	001D  E8 FFE1			 CALL CLRSCR
     41	0020  2E: 8A 16	0000r		 MOV DL, LET
     42	0025  E8 FFDE			 CALL PUTCH
     43	0028  E8 FFE5			 CALL CLRF
     44	002B  B2 80			 MOV DL, 'А'
     45	002D  E8 FFD6			 CALL PUTCH
     46	0030  E8 FFDD			 CALL CLRF
     47	0033  B2 81			 MOV DL, 'Б'
     48	0035  E8 FFCE			 CALL PUTCH
     49	0038  E8 FFD5			 CALL CLRF
     50	003B  B2 82			 MOV DL, 'В'
     51	003D  E8 FFC6			 CALL PUTCH
     52	0040  E8 FFCD			 CALL CLRF
     53	0043  E8 FFC5			 CALL GETCH
     54	0046  8A D0			 MOV DL, AL
     55	0048  E8 FFBB			 CALL PUTCH
     56	004B  E8 FFC2			 CALL CLRF
     57				     ; Выход из	программы
Turbo Assembler	 Version 3.1	    03/24/24 21:14:59	    Page 2
firstd.asm



     58	004E  B0 00			  MOV AL, 0
     59	0050  B4 4C			  MOV AH, 4CH
     60	0052  CD 21			  INT 21H
     61	0054			     MYCODE ENDS
     62				     END START
Turbo Assembler	 Version 3.1	    03/24/24 21:14:59	    Page 3
Symbol Table




Symbol Name		Type   Value			   Cref	(defined at #)

??DATE			Text   "03/24/24"
??FILENAME		Text   "firstd	"
??TIME			Text   "21:14:59"
??VERSION		Number 030A
@CPU			Text   0101H
@CURSEG			Text   MYCODE			   #1
@FILENAME		Text   FIRSTD
@WORDSIZE		Text   2			   #1
CLRF			Near   MYCODE:0010		   #27	43  46	49  52	56
CLRSCR			Near   MYCODE:0001		   #8  40
GETCH			Near   MYCODE:000B		   #21	53
LET			Byte   MYCODE:0000		   4  #5  41
PUTCH			Near   MYCODE:0006		   #14	29  31	42  45	48  51	55
START			Near   MYCODE:001B		   #35	62

Groups & Segments	Bit Size Align	Combine	Class	   Cref	(defined at #)

MYCODE			16  0054 Para	none	CODE	   #1  3
