Turbo Assembler	 Version 3.1	    03/12/24 12:26:04	    Page 1
firstd.asm



      1	0000			     MYCODE SEGMENT 'CODE'
      2				     ; ЛАРКИН ИУ5-41Б
      3				     ASSUME CS:MYCODE
      4				     PUBLIC LET
      5	0000  8B		     LET  DB 'Л'
      6
      7	0001			     CLS PROC
      8	0001  B4 00			 MOV AH, 0H
      9	0003  CD 10			 INT 10H
     10	0005  C3			 RET
     11	0006			     CLS ENDP
     12
     13	0006			     PUTCH PROC
     14	0006  B4 02			 MOV AH, 02H
     15	0008  CD 21			 INT 21H
     16	000A  C3			 RET
     17	000B			     PUTCH ENDP
     18
     19	000B			     GETCH PROC
     20	000B  B4 08			 MOV AH, 08H
     21	000D  CD 21			 INT 21H
     22	000F  2E: A2 0000r		 MOV LET, AL
     23	0013  C3			 RET
     24	0014			     GETCH ENDP
     25
     26	0014			     CLRF PROC
     27	0014  B2 0A			 MOV DL, 10
     28	0016  E8 FFED			 CALL PUTCH
     29	0019  B2 08			 MOV DL, 8
     30	001B  E8 FFE8			 CALL PUTCH
     31	001E  C3			 RET
     32	001F			     CLRF ENDP
     33
     34	001F			     START:
     35				     ; Загрузка	сегментного регистра данных DS
     36	001F  0E			  PUSH CS
     37	0020  1F			  POP  DS
     38				     ; Вывод символов на экран
     39	0021  E8 FFDD			 CALL CLS
     40	0024  2E: 8A 16	0000r		 MOV DL, LET
     41	0029  E8 FFDA			 CALL PUTCH
     42	002C  E8 FFE5			 CALL CLRF
     43	002F  B2 80			 MOV DL, 'А'
     44	0031  E8 FFD2			 CALL PUTCH
     45	0034  E8 FFDD			 CALL CLRF
     46	0037  B2 81			 MOV DL, 'Б'
     47	0039  E8 FFCA			 CALL PUTCH
     48	003C  E8 FFD5			 CALL CLRF
     49	003F  B2 82			 MOV DL, 'В'
     50	0041  E8 FFC2			 CALL PUTCH
     51	0044  E8 FFCD			 CALL CLRF
     52	0047  E8 FFC1			 CALL GETCH
     53	004A  2E: 8A 16	0000r		 MOV DL, LET
     54	004F  E8 FFB4			 CALL PUTCH
     55	0052  E8 FFBF			 CALL CLRF
     56				     ; Выход из	программы
     57	0055  B0 00			  MOV AL, 0
Turbo Assembler	 Version 3.1	    03/12/24 12:26:04	    Page 2
firstd.asm



     58	0057  B4 4C			  MOV AH, 4CH
     59	0059  CD 21			  INT 21H
     60	005B			     MYCODE ENDS
     61				     END START
Turbo Assembler	 Version 3.1	    03/12/24 12:26:04	    Page 3
Symbol Table




Symbol Name		Type   Value			   Cref	(defined at #)

??DATE			Text   "03/12/24"
??FILENAME		Text   "firstd	"
??TIME			Text   "12:26:04"
??VERSION		Number 030A
@CPU			Text   0101H
@CURSEG			Text   MYCODE			   #1
@FILENAME		Text   FIRSTD
@WORDSIZE		Text   2			   #1
CLRF			Near   MYCODE:0014		   #26	42  45	48  51	55
CLS			Near   MYCODE:0001		   #7  39
GETCH			Near   MYCODE:000B		   #19	52
LET			Byte   MYCODE:0000		   4  #5  22  40  53
PUTCH			Near   MYCODE:0006		   #13	28  30	41  44	47  50	54
START			Near   MYCODE:001F		   #34	61

Groups & Segments	Bit Size Align	Combine	Class	   Cref	(defined at #)

MYCODE			16  005B Para	none	CODE	   #1  3
